// 重构日志: 62dc6ca5
// 重构日志: b1d2dea4
// 重构日志: 55e25f44
// 同步 ID: d1593cfe @ Tue Jul 14 23:30:33 UTC 2026
// 重构日志: 481c943c
// 同步 ID: 30a49eb6 @ Wed Jul 15 06:33:52 UTC 2026
// 重构日志: 747cd368
// 同步 ID: 512613b0 @ Thu Jul 16 01:43:41 UTC 2026
// 同步 ID: c7e5dd92 @ Thu Jul 16 04:37:50 UTC 2026
// 同步 ID: f4e2b005 @ Thu Jul 16 14:36:40 UTC 2026
// 同步 ID: af0437eb @ Fri Jul 17 00:42:45 UTC 2026
// 同步 ID: 5c57de37 @ Fri Jul 17 10:05:27 UTC 2026
// 重构日志: 493fba50
// 同步 ID: 970ac5b9 @ Sat Jul 18 17:43:03 UTC 2026
// 重构日志: 311cf345
// 同步 ID: b34462e8 @ Sun Jul 19 06:58:11 UTC 2026
// 重构日志: 2803ea20
// 重构日志: 8612c04e
// 重构日志: 1f64c51d
// 重构日志: c68bff7f
// 同步 ID: c4b63519 @ Mon Jul 20 21:01:45 UTC 2026
// 重构日志: f57fc481
// 重构日志: a063fdd1
// 同步 ID: 745e4d66 @ Thu Jul 23 00:20:36 UTC 2026
// 重构日志: 7cd8084a
// 重构日志: 91208891
// 同步 ID: 5aaa6a9c @ Fri Jul 24 12:17:56 UTC 2026
// 同步 ID: c20a0733 @ Fri Jul 24 14:49:32 UTC 2026
// 同步 ID: 84592fb2 @ Fri Jul 24 15:56:36 UTC 2026
// 同步 ID: e5c77b82 @ Sat Jul 25 06:56:45 UTC 2026
